exit=0
compile: OK
unit tests: OK
cli smoke check: OK
All checks passed.

test_default_output_unchanged_without_option (test_cli.MinCountOptionTests.test_default_output_unchanged_without_option) ... ok
test_min_count_filters_output (test_cli.MinCountOptionTests.test_min_count_filters_output) ... ok
test_min_count_keeps_words_at_threshold (test_cli.MinCountOptionTests.test_min_count_keeps_words_at_threshold) ... ok
test_rejects_negative (test_cli.MinCountOptionTests.test_rejects_negative) ... ok
test_rejects_non_integer (test_cli.MinCountOptionTests.test_rejects_non_integer) ... ok
test_rejects_zero (test_cli.MinCountOptionTests.test_rejects_zero) ... ok
test_counts_basic_words (test_counter.CountWordsTests.test_counts_basic_words) ... ok
test_empty_input (test_counter.CountWordsTests.test_empty_input) ... ok
test_ignores_punctuation_only_tokens (test_counter.CountWordsTests.test_ignores_punctuation_only_tokens) ... ok
test_strips_punctuation_and_lowercases (test_counter.CountWordsTests.test_strips_punctuation_and_lowercases) ... ok
test_empty_input (test_topwords.FilterMinCountTests.test_empty_input) ... ok
test_empty_result_when_nothing_meets_threshold (test_topwords.FilterMinCountTests.test_empty_result_when_nothing_meets_threshold) ... ok
test_input_not_mutated (test_topwords.FilterMinCountTests.test_input_not_mutated) ... ok
test_keeps_entries_above_threshold (test_topwords.FilterMinCountTests.test_keeps_entries_above_threshold) ... ok
test_keeps_entries_at_threshold (test_topwords.FilterMinCountTests.test_keeps_entries_at_threshold) ... ok
test_key_order_preserved (test_topwords.FilterMinCountTests.test_key_order_preserved) ... ok

----------------------------------------------------------------------
Ran 16 tests in 0.005s

OK
